// Jest Snapshot v1, https://goo.gl/fbAQLP

exports[`Calculator Page renders correctly 1`] = `
<div
  className="calcPage"
>
  <h2
    className="calcText"
  >
    Lets do some math!
  </h2>
  <div
    className="calculator"
  >
    <div
      className="resultBar"
      role="none"
    >
      0
    </div>
    <div
      className="keypad"
    >
      <button
        className="singleButton"
        onClick={[Function]}
        type="button"
      >
        AC
      </button>
      <button
        className="singleButton"
        onClick={[Function]}
        type="button"
      >
        +/-
      </button>
      <button
        className="singleButton"
        onClick={[Function]}
        type="button"
      >
        %
      </button>
      <button
        className="singleButton"
        onClick={[Function]}
        type="button"
      >
        รท
      </button>
      <button
        className="singleButton"
        onClick={[Function]}
        type="button"
      >
        7
      </button>
      <button
        className="singleButton"
        onClick={[Function]}
        type="button"
      >
        8
      </button>
      <button
        className="singleButton"
        onClick={[Function]}
        type="button"
      >
        9
      </button>
      <button
        className="singleButton"
        onClick={[Function]}
        type="button"
      >
        x
      </button>
      <button
        className="singleButton"
        onClick={[Function]}
        type="button"
      >
        4
      </button>
      <button
        className="singleButton"
        onClick={[Function]}
        type="button"
      >
        5
      </button>
      <button
        className="singleButton"
        onClick={[Function]}
        type="button"
      >
        6
      </button>
      <button
        className="singleButton"
        onClick={[Function]}
        type="button"
      >
        -
      </button>
      <button
        className="singleButton"
        onClick={[Function]}
        type="button"
      >
        1
      </button>
      <button
        className="singleButton"
        onClick={[Function]}
        type="button"
      >
        2
      </button>
      <button
        className="singleButton"
        onClick={[Function]}
        type="button"
      >
        3
      </button>
      <button
        className="singleButton"
        onClick={[Function]}
        type="button"
      >
        +
      </button>
      <button
        className="doubleButton"
        onClick={[Function]}
        type="button"
      >
        0
      </button>
      <button
        className="singleButton"
        onClick={[Function]}
        type="button"
      >
        .
      </button>
      <button
        className="singleButton"
        onClick={[Function]}
        type="button"
      >
        =
      </button>
    </div>
  </div>
</div>
`;
