// Jest Snapshot v1, https://goo.gl/fbAQLP

exports[`render correctly and mathes the snapshot 1`] = `
<div>
  Loading...
</div>
`;
